Archive member included to satisfy reference by file (symbol)

c:/program files (x86)/gnu tools arm embedded/5.4 2016q3/bin/../lib/gcc/arm-none-eabi/5.4.1/../../../../arm-none-eabi/lib/armv6-m\libc.a(lib_a-exit.o)
                              c:/program files (x86)/gnu tools arm embedded/5.4 2016q3/bin/../lib/gcc/arm-none-eabi/5.4.1/../../../../arm-none-eabi/lib/armv6-m/crt0.o (exit)
c:/program files (x86)/gnu tools arm embedded/5.4 2016q3/bin/../lib/gcc/arm-none-eabi/5.4.1/../../../../arm-none-eabi/lib/armv6-m\libc.a(lib_a-impure.o)
                              c:/program files (x86)/gnu tools arm embedded/5.4 2016q3/bin/../lib/gcc/arm-none-eabi/5.4.1/../../../../arm-none-eabi/lib/armv6-m\libc.a(lib_a-exit.o) (_global_impure_ptr)
c:/program files (x86)/gnu tools arm embedded/5.4 2016q3/bin/../lib/gcc/arm-none-eabi/5.4.1/../../../../arm-none-eabi/lib/armv6-m\libc.a(lib_a-init.o)
                              c:/program files (x86)/gnu tools arm embedded/5.4 2016q3/bin/../lib/gcc/arm-none-eabi/5.4.1/../../../../arm-none-eabi/lib/armv6-m/crt0.o (__libc_init_array)
c:/program files (x86)/gnu tools arm embedded/5.4 2016q3/bin/../lib/gcc/arm-none-eabi/5.4.1/../../../../arm-none-eabi/lib/armv6-m\libc.a(lib_a-memset.o)
                              c:/program files (x86)/gnu tools arm embedded/5.4 2016q3/bin/../lib/gcc/arm-none-eabi/5.4.1/../../../../arm-none-eabi/lib/armv6-m/crt0.o (memset)
c:/program files (x86)/gnu tools arm embedded/5.4 2016q3/bin/../lib/gcc/arm-none-eabi/5.4.1/../../../../arm-none-eabi/lib/armv6-m\libc.a(lib_a-__call_atexit.o)
                              c:/program files (x86)/gnu tools arm embedded/5.4 2016q3/bin/../lib/gcc/arm-none-eabi/5.4.1/../../../../arm-none-eabi/lib/armv6-m\libc.a(lib_a-exit.o) (__call_exitprocs)
c:/program files (x86)/gnu tools arm embedded/5.4 2016q3/bin/../lib/gcc/arm-none-eabi/5.4.1/../../../../arm-none-eabi/lib/armv6-m\libc.a(lib_a-atexit.o)
                              c:/program files (x86)/gnu tools arm embedded/5.4 2016q3/bin/../lib/gcc/arm-none-eabi/5.4.1/../../../../arm-none-eabi/lib/armv6-m\libc.a(lib_a-__call_atexit.o) (atexit)
c:/program files (x86)/gnu tools arm embedded/5.4 2016q3/bin/../lib/gcc/arm-none-eabi/5.4.1/../../../../arm-none-eabi/lib/armv6-m\libc.a(lib_a-fini.o)
                              c:/program files (x86)/gnu tools arm embedded/5.4 2016q3/bin/../lib/gcc/arm-none-eabi/5.4.1/../../../../arm-none-eabi/lib/armv6-m\libc.a(lib_a-__call_atexit.o) (__libc_fini_array)
c:/program files (x86)/gnu tools arm embedded/5.4 2016q3/bin/../lib/gcc/arm-none-eabi/5.4.1/../../../../arm-none-eabi/lib/armv6-m\libc.a(lib_a-__atexit.o)
                              c:/program files (x86)/gnu tools arm embedded/5.4 2016q3/bin/../lib/gcc/arm-none-eabi/5.4.1/../../../../arm-none-eabi/lib/armv6-m\libc.a(lib_a-atexit.o) (__register_exitproc)
c:/program files (x86)/gnu tools arm embedded/5.4 2016q3/bin/../lib/gcc/arm-none-eabi/5.4.1/armv6-m\libgcc.a(_udivsi3.o)
                              CMSIS/DeviceSupport/system_stm32f0xx.o (__aeabi_uidiv)
c:/program files (x86)/gnu tools arm embedded/5.4 2016q3/bin/../lib/gcc/arm-none-eabi/5.4.1/armv6-m\libgcc.a(_dvmd_tls.o)
                              c:/program files (x86)/gnu tools arm embedded/5.4 2016q3/bin/../lib/gcc/arm-none-eabi/5.4.1/armv6-m\libgcc.a(_udivsi3.o) (__aeabi_idiv0)

Discarded input sections

 .text          0x00000000        0x0 c:/program files (x86)/gnu tools arm embedded/5.4 2016q3/bin/../lib/gcc/arm-none-eabi/5.4.1/armv6-m/crti.o
 .data          0x00000000        0x0 c:/program files (x86)/gnu tools arm embedded/5.4 2016q3/bin/../lib/gcc/arm-none-eabi/5.4.1/armv6-m/crti.o
 .bss           0x00000000        0x0 c:/program files (x86)/gnu tools arm embedded/5.4 2016q3/bin/../lib/gcc/arm-none-eabi/5.4.1/armv6-m/crti.o
 .data          0x00000000        0x4 c:/program files (x86)/gnu tools arm embedded/5.4 2016q3/bin/../lib/gcc/arm-none-eabi/5.4.1/armv6-m/crtbegin.o
 .text          0x00000000       0x78 c:/program files (x86)/gnu tools arm embedded/5.4 2016q3/bin/../lib/gcc/arm-none-eabi/5.4.1/../../../../arm-none-eabi/lib/armv6-m/crt0.o
 .data          0x00000000        0x0 c:/program files (x86)/gnu tools arm embedded/5.4 2016q3/bin/../lib/gcc/arm-none-eabi/5.4.1/../../../../arm-none-eabi/lib/armv6-m/crt0.o
 .bss           0x00000000        0x0 c:/program files (x86)/gnu tools arm embedded/5.4 2016q3/bin/../lib/gcc/arm-none-eabi/5.4.1/../../../../arm-none-eabi/lib/armv6-m/crt0.o
 .ARM.extab     0x00000000        0x0 c:/program files (x86)/gnu tools arm embedded/5.4 2016q3/bin/../lib/gcc/arm-none-eabi/5.4.1/../../../../arm-none-eabi/lib/armv6-m/crt0.o
 .ARM.exidx     0x00000000        0x8 c:/program files (x86)/gnu tools arm embedded/5.4 2016q3/bin/../lib/gcc/arm-none-eabi/5.4.1/../../../../arm-none-eabi/lib/armv6-m/crt0.o
 .ARM.attributes
                0x00000000       0x1b c:/program files (x86)/gnu tools arm embedded/5.4 2016q3/bin/../lib/gcc/arm-none-eabi/5.4.1/../../../../arm-none-eabi/lib/armv6-m/crt0.o
 .text          0x00000000        0x0 CMSIS/DeviceSupport/system_stm32f0xx.o
 .data          0x00000000        0x0 CMSIS/DeviceSupport/system_stm32f0xx.o
 .bss           0x00000000        0x0 CMSIS/DeviceSupport/system_stm32f0xx.o
 .text.SystemCoreClockUpdate
                0x00000000       0xfc CMSIS/DeviceSupport/system_stm32f0xx.o
 .data.AHBPrescTable
                0x00000000       0x10 CMSIS/DeviceSupport/system_stm32f0xx.o
 .data.SystemCoreClock
                0x00000000        0x4 CMSIS/DeviceSupport/system_stm32f0xx.o
 .text          0x00000000        0x0 STM32F0xx_StdPeriph_Driver/src/stm32f0xx_misc.o
 .data          0x00000000        0x0 STM32F0xx_StdPeriph_Driver/src/stm32f0xx_misc.o
 .bss           0x00000000        0x0 STM32F0xx_StdPeriph_Driver/src/stm32f0xx_misc.o
 .text.NVIC_Init
                0x00000000       0x88 STM32F0xx_StdPeriph_Driver/src/stm32f0xx_misc.o
 .text.NVIC_SystemLPConfig
                0x00000000       0x34 STM32F0xx_StdPeriph_Driver/src/stm32f0xx_misc.o
 .text.SysTick_CLKSourceConfig
                0x00000000       0x34 STM32F0xx_StdPeriph_Driver/src/stm32f0xx_misc.o
 .debug_info    0x00000000      0x371 STM32F0xx_StdPeriph_Driver/src/stm32f0xx_misc.o
 .debug_abbrev  0x00000000      0x156 STM32F0xx_StdPeriph_Driver/src/stm32f0xx_misc.o
 .debug_loc     0x00000000       0x81 STM32F0xx_StdPeriph_Driver/src/stm32f0xx_misc.o
 .debug_aranges
                0x00000000       0x30 STM32F0xx_StdPeriph_Driver/src/stm32f0xx_misc.o
 .debug_ranges  0x00000000       0x20 STM32F0xx_StdPeriph_Driver/src/stm32f0xx_misc.o
 .debug_line    0x00000000      0x1d4 STM32F0xx_StdPeriph_Driver/src/stm32f0xx_misc.o
 .debug_str     0x00000000      0x30e STM32F0xx_StdPeriph_Driver/src/stm32f0xx_misc.o
 .comment       0x00000000       0x6f STM32F0xx_StdPeriph_Driver/src/stm32f0xx_misc.o
 .debug_frame   0x00000000       0x54 STM32F0xx_StdPeriph_Driver/src/stm32f0xx_misc.o
 .ARM.attributes
                0x00000000       0x30 STM32F0xx_StdPeriph_Driver/src/stm32f0xx_misc.o
 .text          0x00000000        0x0 STM32F0xx_StdPeriph_Driver/src/stm32f0xx_rcc.o
 .data          0x00000000        0x0 STM32F0xx_StdPeriph_Driver/src/stm32f0xx_rcc.o
 .bss           0x00000000        0x0 STM32F0xx_StdPeriph_Driver/src/stm32f0xx_rcc.o
 .text.RCC_DeInit
                0x00000000       0x88 STM32F0xx_StdPeriph_Driver/src/stm32f0xx_rcc.o
 .text.RCC_HSEConfig
                0x00000000       0x18 STM32F0xx_StdPeriph_Driver/src/stm32f0xx_rcc.o
 .text.RCC_AdjustHSICalibrationValue
                0x00000000       0x1c STM32F0xx_StdPeriph_Driver/src/stm32f0xx_rcc.o
 .text.RCC_HSICmd
                0x00000000       0x34 STM32F0xx_StdPeriph_Driver/src/stm32f0xx_rcc.o
 .text.RCC_AdjustHSI14CalibrationValue
                0x00000000       0x1c STM32F0xx_StdPeriph_Driver/src/stm32f0xx_rcc.o
 .text.RCC_HSI14Cmd
                0x00000000       0x34 STM32F0xx_StdPeriph_Driver/src/stm32f0xx_rcc.o
 .text.RCC_HSI14ADCRequestCmd
                0x00000000       0x34 STM32F0xx_StdPeriph_Driver/src/stm32f0xx_rcc.o
 .text.RCC_LSEConfig
                0x00000000       0x30 STM32F0xx_StdPeriph_Driver/src/stm32f0xx_rcc.o
 .text.RCC_LSEDriveConfig
                0x00000000       0x24 STM32F0xx_StdPeriph_Driver/src/stm32f0xx_rcc.o
 .text.RCC_LSICmd
                0x00000000       0x34 STM32F0xx_StdPeriph_Driver/src/stm32f0xx_rcc.o
 .text.RCC_PLLConfig
                0x00000000       0x28 STM32F0xx_StdPeriph_Driver/src/stm32f0xx_rcc.o
 .text.RCC_PLLCmd
                0x00000000       0x34 STM32F0xx_StdPeriph_Driver/src/stm32f0xx_rcc.o
 .text.RCC_HSI48Cmd
                0x00000000       0x34 STM32F0xx_StdPeriph_Driver/src/stm32f0xx_rcc.o
 .text.RCC_PREDIV1Config
                0x00000000       0x1c STM32F0xx_StdPeriph_Driver/src/stm32f0xx_rcc.o
 .text.RCC_ClockSecuritySystemCmd
                0x00000000       0x34 STM32F0xx_StdPeriph_Driver/src/stm32f0xx_rcc.o
 .text.RCC_MCOConfig
                0x00000000       0x20 STM32F0xx_StdPeriph_Driver/src/stm32f0xx_rcc.o
 .text.RCC_SYSCLKConfig
                0x00000000       0x1c STM32F0xx_StdPeriph_Driver/src/stm32f0xx_rcc.o
 .text.RCC_GetSYSCLKSource
                0x00000000       0x14 STM32F0xx_StdPeriph_Driver/src/stm32f0xx_rcc.o
 .text.RCC_HCLKConfig
                0x00000000       0x1c STM32F0xx_StdPeriph_Driver/src/stm32f0xx_rcc.o
 .text.RCC_PCLKConfig
                0x00000000       0x1c STM32F0xx_StdPeriph_Driver/src/stm32f0xx_rcc.o
 .text.RCC_ADCCLKConfig
                0x00000000       0x40 STM32F0xx_StdPeriph_Driver/src/stm32f0xx_rcc.o
 .text.RCC_CECCLKConfig
                0x00000000       0x24 STM32F0xx_StdPeriph_Driver/src/stm32f0xx_rcc.o
 .text.RCC_I2CCLKConfig
                0x00000000       0x24 STM32F0xx_StdPeriph_Driver/src/stm32f0xx_rcc.o
 .text.RCC_USARTCLKConfig
                0x00000000       0x64 STM32F0xx_StdPeriph_Driver/src/stm32f0xx_rcc.o
 .text.RCC_USBCLKConfig
                0x00000000       0x24 STM32F0xx_StdPeriph_Driver/src/stm32f0xx_rcc.o
 .text.RCC_GetClocksFreq
                0x00000000      0x2e8 STM32F0xx_StdPeriph_Driver/src/stm32f0xx_rcc.o
 .text.RCC_RTCCLKConfig
                0x00000000       0x18 STM32F0xx_StdPeriph_Driver/src/stm32f0xx_rcc.o
 .text.RCC_RTCCLKCmd
                0x00000000       0x34 STM32F0xx_StdPeriph_Driver/src/stm32f0xx_rcc.o
 .text.RCC_BackupResetCmd
                0x00000000       0x34 STM32F0xx_StdPeriph_Driver/src/stm32f0xx_rcc.o
 .text.RCC_AHBPeriphClockCmd
                0x00000000       0x34 STM32F0xx_StdPeriph_Driver/src/stm32f0xx_rcc.o
 .text.RCC_APB2PeriphClockCmd
                0x00000000       0x34 STM32F0xx_StdPeriph_Driver/src/stm32f0xx_rcc.o
 .text.RCC_APB1PeriphClockCmd
                0x00000000       0x34 STM32F0xx_StdPeriph_Driver/src/stm32f0xx_rcc.o
 .text.RCC_AHBPeriphResetCmd
                0x00000000       0x34 STM32F0xx_StdPeriph_Driver/src/stm32f0xx_rcc.o
 .text.RCC_APB2PeriphResetCmd
                0x00000000       0x34 STM32F0xx_StdPeriph_Driver/src/stm32f0xx_rcc.o
 .text.RCC_APB1PeriphResetCmd
                0x00000000       0x34 STM32F0xx_StdPeriph_Driver/src/stm32f0xx_rcc.o
 .text.RCC_ITConfig
                0x00000000       0x34 STM32F0xx_StdPeriph_Driver/src/stm32f0xx_rcc.o
 .text.RCC_GetFlagStatus
                0x00000000       0x58 STM32F0xx_StdPeriph_Driver/src/stm32f0xx_rcc.o
 .text.RCC_WaitForHSEStartUp
                0x00000000       0x58 STM32F0xx_StdPeriph_Driver/src/stm32f0xx_rcc.o
 .text.RCC_ClearFlag
                0x00000000       0x18 STM32F0xx_StdPeriph_Driver/src/stm32f0xx_rcc.o
 .text.RCC_GetITStatus
                0x00000000       0x24 STM32F0xx_StdPeriph_Driver/src/stm32f0xx_rcc.o
 .text.RCC_ClearITPendingBit
                0x00000000       0x10 STM32F0xx_StdPeriph_Driver/src/stm32f0xx_rcc.o
 .data.APBAHBPrescTable
                0x00000000       0x10 STM32F0xx_StdPeriph_Driver/src/stm32f0xx_rcc.o
 .debug_info    0x00000000      0xa9c STM32F0xx_StdPeriph_Driver/src/stm32f0xx_rcc.o
 .debug_abbrev  0x00000000      0x232 STM32F0xx_StdPeriph_Driver/src/stm32f0xx_rcc.o
 .debug_loc     0x00000000      0x924 STM32F0xx_StdPeriph_Driver/src/stm32f0xx_rcc.o
 .debug_aranges
                0x00000000      0x160 STM32F0xx_StdPeriph_Driver/src/stm32f0xx_rcc.o
 .debug_ranges  0x00000000      0x150 STM32F0xx_StdPeriph_Driver/src/stm32f0xx_rcc.o
 .debug_line    0x00000000      0x4f6 STM32F0xx_StdPeriph_Driver/src/stm32f0xx_rcc.o
 .debug_str     0x00000000      0x7b7 STM32F0xx_StdPeriph_Driver/src/stm32f0xx_rcc.o
 .comment       0x00000000       0x6f STM32F0xx_StdPeriph_Driver/src/stm32f0xx_rcc.o
 .debug_frame   0x00000000      0x2c4 STM32F0xx_StdPeriph_Driver/src/stm32f0xx_rcc.o
 .ARM.attributes
                0x00000000       0x30 STM32F0xx_StdPeriph_Driver/src/stm32f0xx_rcc.o
 .text          0x00000000        0x0 STM32F0xx_StdPeriph_Driver/src/stm32f0xx_gpio.o
 .data          0x00000000        0x0 STM32F0xx_StdPeriph_Driver/src/stm32f0xx_gpio.o
 .bss           0x00000000        0x0 STM32F0xx_StdPeriph_Driver/src/stm32f0xx_gpio.o
 .text.GPIO_DeInit
                0x00000000      0x108 STM32F0xx_StdPeriph_Driver/src/stm32f0xx_gpio.o
 .text.GPIO_Init
                0x00000000       0xe4 STM32F0xx_StdPeriph_Driver/src/stm32f0xx_gpio.o
 .text.GPIO_StructInit
                0x00000000       0x28 STM32F0xx_StdPeriph_Driver/src/stm32f0xx_gpio.o
 .text.GPIO_PinLockConfig
                0x00000000       0x44 STM32F0xx_StdPeriph_Driver/src/stm32f0xx_gpio.o
 .text.GPIO_ReadInputDataBit
                0x00000000       0x1c STM32F0xx_StdPeriph_Driver/src/stm32f0xx_gpio.o
 .text.GPIO_ReadInputData
                0x00000000        0x8 STM32F0xx_StdPeriph_Driver/src/stm32f0xx_gpio.o
 .text.GPIO_ReadOutputDataBit
                0x00000000       0x1c STM32F0xx_StdPeriph_Driver/src/stm32f0xx_gpio.o
 .text.GPIO_ReadOutputData
                0x00000000        0x8 STM32F0xx_StdPeriph_Driver/src/stm32f0xx_gpio.o
 .text.GPIO_SetBits
                0x00000000        0x8 STM32F0xx_StdPeriph_Driver/src/stm32f0xx_gpio.o
 .text.GPIO_ResetBits
                0x00000000        0x8 STM32F0xx_StdPeriph_Driver/src/stm32f0xx_gpio.o
 .text.GPIO_WriteBit
                0x00000000       0x18 STM32F0xx_StdPeriph_Driver/src/stm32f0xx_gpio.o
 .text.GPIO_Write
                0x00000000        0x8 STM32F0xx_StdPeriph_Driver/src/stm32f0xx_gpio.o
 .text.GPIO_PinAFConfig
                0x00000000       0x38 STM32F0xx_StdPeriph_Driver/src/stm32f0xx_gpio.o
 .debug_info    0x00000000      0x72c STM32F0xx_StdPeriph_Driver/src/stm32f0xx_gpio.o
 .debug_abbrev  0x00000000      0x1d1 STM32F0xx_StdPeriph_Driver/src/stm32f0xx_gpio.o
 .debug_loc     0x00000000      0x2cc STM32F0xx_StdPeriph_Driver/src/stm32f0xx_gpio.o
 .debug_aranges
                0x00000000       0x80 STM32F0xx_StdPeriph_Driver/src/stm32f0xx_gpio.o
 .debug_ranges  0x00000000       0x70 STM32F0xx_StdPeriph_Driver/src/stm32f0xx_gpio.o
 .debug_line    0x00000000      0x2ad STM32F0xx_StdPeriph_Driver/src/stm32f0xx_gpio.o
 .debug_str     0x00000000      0x4ba STM32F0xx_StdPeriph_Driver/src/stm32f0xx_gpio.o
 .comment       0x00000000       0x6f STM32F0xx_StdPeriph_Driver/src/stm32f0xx_gpio.o
 .debug_frame   0x00000000      0x114 STM32F0xx_StdPeriph_Driver/src/stm32f0xx_gpio.o
 .ARM.attributes
                0x00000000       0x30 STM32F0xx_StdPeriph_Driver/src/stm32f0xx_gpio.o
 .text          0x00000000        0x0 USER/src/main.o
 .data          0x00000000        0x0 USER/src/main.o
 .bss           0x00000000        0x0 USER/src/main.o
 .text          0x00000000        0x0 USER/src/led.o
 .data          0x00000000        0x0 USER/src/led.o
 .bss           0x00000000        0x0 USER/src/led.o
 .bss.led_sta   0x00000000        0x1 USER/src/led.o
 .text          0x00000000       0x14 CMSIS/DeviceSupport/startup/gcc_ride7/startup_stm32f072.o
 .data          0x00000000        0x0 CMSIS/DeviceSupport/startup/gcc_ride7/startup_stm32f072.o
 .bss           0x00000000        0x0 CMSIS/DeviceSupport/startup/gcc_ride7/startup_stm32f072.o
 .text          0x00000000        0x0 c:/program files (x86)/gnu tools arm embedded/5.4 2016q3/bin/../lib/gcc/arm-none-eabi/5.4.1/../../../../arm-none-eabi/lib/armv6-m\libc.a(lib_a-exit.o)
 .data          0x00000000        0x0 c:/program files (x86)/gnu tools arm embedded/5.4 2016q3/bin/../lib/gcc/arm-none-eabi/5.4.1/../../../../arm-none-eabi/lib/armv6-m\libc.a(lib_a-exit.o)
 .bss           0x00000000        0x0 c:/program files (x86)/gnu tools arm embedded/5.4 2016q3/bin/../lib/gcc/arm-none-eabi/5.4.1/../../../../arm-none-eabi/lib/armv6-m\libc.a(lib_a-exit.o)
 .text.exit     0x00000000       0x20 c:/program files (x86)/gnu tools arm embedded/5.4 2016q3/bin/../lib/gcc/arm-none-eabi/5.4.1/../../../../arm-none-eabi/lib/armv6-m\libc.a(lib_a-exit.o)
 .debug_frame   0x00000000       0x28 c:/program files (x86)/gnu tools arm embedded/5.4 2016q3/bin/../lib/gcc/arm-none-eabi/5.4.1/../../../../arm-none-eabi/lib/armv6-m\libc.a(lib_a-exit.o)
 .ARM.attributes
                0x00000000       0x2c c:/program files (x86)/gnu tools arm embedded/5.4 2016q3/bin/../lib/gcc/arm-none-eabi/5.4.1/../../../../arm-none-eabi/lib/armv6-m\libc.a(lib_a-exit.o)
 .text          0x00000000        0x0 c:/program files (x86)/gnu tools arm embedded/5.4 2016q3/bin/../lib/gcc/arm-none-eabi/5.4.1/../../../../arm-none-eabi/lib/armv6-m\libc.a(lib_a-impure.o)
 .data          0x00000000        0x0 c:/program files (x86)/gnu tools arm embedded/5.4 2016q3/bin/../lib/gcc/arm-none-eabi/5.4.1/../../../../arm-none-eabi/lib/armv6-m\libc.a(lib_a-impure.o)
 .bss           0x00000000        0x0 c:/program files (x86)/gnu tools arm embedded/5.4 2016q3/bin/../lib/gcc/arm-none-eabi/5.4.1/../../../../arm-none-eabi/lib/armv6-m\libc.a(lib_a-impure.o)
 .data._impure_ptr
                0x00000000        0x4 c:/program files (x86)/gnu tools arm embedded/5.4 2016q3/bin/../lib/gcc/arm-none-eabi/5.4.1/../../../../arm-none-eabi/lib/armv6-m\libc.a(lib_a-impure.o)
 .text          0x00000000        0x0 c:/program files (x86)/gnu tools arm embedded/5.4 2016q3/bin/../lib/gcc/arm-none-eabi/5.4.1/../../../../arm-none-eabi/lib/armv6-m\libc.a(lib_a-init.o)
 .data          0x00000000        0x0 c:/program files (x86)/gnu tools arm embedded/5.4 2016q3/bin/../lib/gcc/arm-none-eabi/5.4.1/../../../../arm-none-eabi/lib/armv6-m\libc.a(lib_a-init.o)
 .bss           0x00000000        0x0 c:/program files (x86)/gnu tools arm embedded/5.4 2016q3/bin/../lib/gcc/arm-none-eabi/5.4.1/../../../../arm-none-eabi/lib/armv6-m\libc.a(lib_a-init.o)
 .text.__libc_init_array
                0x00000000       0x48 c:/program files (x86)/gnu tools arm embedded/5.4 2016q3/bin/../lib/gcc/arm-none-eabi/5.4.1/../../../../arm-none-eabi/lib/armv6-m\libc.a(lib_a-init.o)
 .debug_frame   0x00000000       0x2c c:/program files (x86)/gnu tools arm embedded/5.4 2016q3/bin/../lib/gcc/arm-none-eabi/5.4.1/../../../../arm-none-eabi/lib/armv6-m\libc.a(lib_a-init.o)
 .ARM.attributes
                0x00000000       0x2c c:/program files (x86)/gnu tools arm embedded/5.4 2016q3/bin/../lib/gcc/arm-none-eabi/5.4.1/../../../../arm-none-eabi/lib/armv6-m\libc.a(lib_a-init.o)
 .text          0x00000000        0x0 c:/program files (x86)/gnu tools arm embedded/5.4 2016q3/bin/../lib/gcc/arm-none-eabi/5.4.1/../../../../arm-none-eabi/lib/armv6-m\libc.a(lib_a-memset.o)
 .data          0x00000000        0x0 c:/program files (x86)/gnu tools arm embedded/5.4 2016q3/bin/../lib/gcc/arm-none-eabi/5.4.1/../../../../arm-none-eabi/lib/armv6-m\libc.a(lib_a-memset.o)
 .bss           0x00000000        0x0 c:/program files (x86)/gnu tools arm embedded/5.4 2016q3/bin/../lib/gcc/arm-none-eabi/5.4.1/../../../../arm-none-eabi/lib/armv6-m\libc.a(lib_a-memset.o)
 .text.memset   0x00000000       0x8c c:/program files (x86)/gnu tools arm embedded/5.4 2016q3/bin/../lib/gcc/arm-none-eabi/5.4.1/../../../../arm-none-eabi/lib/armv6-m\libc.a(lib_a-memset.o)
 .debug_frame   0x00000000       0x2c c:/program files (x86)/gnu tools arm embedded/5.4 2016q3/bin/../lib/gcc/arm-none-eabi/5.4.1/../../../../arm-none-eabi/lib/armv6-m\libc.a(lib_a-memset.o)
 .ARM.attributes
                0x00000000       0x2c c:/program files (x86)/gnu tools arm embedded/5.4 2016q3/bin/../lib/gcc/arm-none-eabi/5.4.1/../../../../arm-none-eabi/lib/armv6-m\libc.a(lib_a-memset.o)
 .text          0x00000000        0x0 c:/program files (x86)/gnu tools arm embedded/5.4 2016q3/bin/../lib/gcc/arm-none-eabi/5.4.1/../../../../arm-none-eabi/lib/armv6-m\libc.a(lib_a-__call_atexit.o)
 .data          0x00000000        0x0 c:/program files (x86)/gnu tools arm embedded/5.4 2016q3/bin/../lib/gcc/arm-none-eabi/5.4.1/../../../../arm-none-eabi/lib/armv6-m\libc.a(lib_a-__call_atexit.o)
 .bss           0x00000000        0x0 c:/program files (x86)/gnu tools arm embedded/5.4 2016q3/bin/../lib/gcc/arm-none-eabi/5.4.1/../../../../arm-none-eabi/lib/armv6-m\libc.a(lib_a-__call_atexit.o)
 .text.__call_exitprocs
                0x00000000       0xfc c:/program files (x86)/gnu tools arm embedded/5.4 2016q3/bin/../lib/gcc/arm-none-eabi/5.4.1/../../../../arm-none-eabi/lib/armv6-m\libc.a(lib_a-__call_atexit.o)
 .text          0x00000000        0x0 c:/program files (x86)/gnu tools arm embedded/5.4 2016q3/bin/../lib/gcc/arm-none-eabi/5.4.1/../../../../arm-none-eabi/lib/armv6-m\libc.a(lib_a-atexit.o)
 .data          0x00000000        0x0 c:/program files (x86)/gnu tools arm embedded/5.4 2016q3/bin/../lib/gcc/arm-none-eabi/5.4.1/../../../../arm-none-eabi/lib/armv6-m\libc.a(lib_a-atexit.o)
 .bss           0x00000000        0x0 c:/program files (x86)/gnu tools arm embedded/5.4 2016q3/bin/../lib/gcc/arm-none-eabi/5.4.1/../../../../arm-none-eabi/lib/armv6-m\libc.a(lib_a-atexit.o)
 .text          0x00000000        0x0 c:/program files (x86)/gnu tools arm embedded/5.4 2016q3/bin/../lib/gcc/arm-none-eabi/5.4.1/../../../../arm-none-eabi/lib/armv6-m\libc.a(lib_a-fini.o)
 .data          0x00000000        0x0 c:/program files (x86)/gnu tools arm embedded/5.4 2016q3/bin/../lib/gcc/arm-none-eabi/5.4.1/../../../../arm-none-eabi/lib/armv6-m\libc.a(lib_a-fini.o)
 .bss           0x00000000        0x0 c:/program files (x86)/gnu tools arm embedded/5.4 2016q3/bin/../lib/gcc/arm-none-eabi/5.4.1/../../../../arm-none-eabi/lib/armv6-m\libc.a(lib_a-fini.o)
 .text          0x00000000        0x0 c:/program files (x86)/gnu tools arm embedded/5.4 2016q3/bin/../lib/gcc/arm-none-eabi/5.4.1/../../../../arm-none-eabi/lib/armv6-m\libc.a(lib_a-__atexit.o)
 .data          0x00000000        0x0 c:/program files (x86)/gnu tools arm embedded/5.4 2016q3/bin/../lib/gcc/arm-none-eabi/5.4.1/../../../../arm-none-eabi/lib/armv6-m\libc.a(lib_a-__atexit.o)
 .bss           0x00000000        0x0 c:/program files (x86)/gnu tools arm embedded/5.4 2016q3/bin/../lib/gcc/arm-none-eabi/5.4.1/../../../../arm-none-eabi/lib/armv6-m\libc.a(lib_a-__atexit.o)
 .text          0x00000000      0x114 c:/program files (x86)/gnu tools arm embedded/5.4 2016q3/bin/../lib/gcc/arm-none-eabi/5.4.1/armv6-m\libgcc.a(_udivsi3.o)
 .data          0x00000000        0x0 c:/program files (x86)/gnu tools arm embedded/5.4 2016q3/bin/../lib/gcc/arm-none-eabi/5.4.1/armv6-m\libgcc.a(_udivsi3.o)
 .bss           0x00000000        0x0 c:/program files (x86)/gnu tools arm embedded/5.4 2016q3/bin/../lib/gcc/arm-none-eabi/5.4.1/armv6-m\libgcc.a(_udivsi3.o)
 .debug_frame   0x00000000       0x20 c:/program files (x86)/gnu tools arm embedded/5.4 2016q3/bin/../lib/gcc/arm-none-eabi/5.4.1/armv6-m\libgcc.a(_udivsi3.o)
 .ARM.attributes
                0x00000000       0x1e c:/program files (x86)/gnu tools arm embedded/5.4 2016q3/bin/../lib/gcc/arm-none-eabi/5.4.1/armv6-m\libgcc.a(_udivsi3.o)
 .text          0x00000000        0x4 c:/program files (x86)/gnu tools arm embedded/5.4 2016q3/bin/../lib/gcc/arm-none-eabi/5.4.1/armv6-m\libgcc.a(_dvmd_tls.o)
 .data          0x00000000        0x0 c:/program files (x86)/gnu tools arm embedded/5.4 2016q3/bin/../lib/gcc/arm-none-eabi/5.4.1/armv6-m\libgcc.a(_dvmd_tls.o)
 .bss           0x00000000        0x0 c:/program files (x86)/gnu tools arm embedded/5.4 2016q3/bin/../lib/gcc/arm-none-eabi/5.4.1/armv6-m\libgcc.a(_dvmd_tls.o)
 .ARM.attributes
                0x00000000       0x1e c:/program files (x86)/gnu tools arm embedded/5.4 2016q3/bin/../lib/gcc/arm-none-eabi/5.4.1/armv6-m\libgcc.a(_dvmd_tls.o)
 .text          0x00000000        0x0 c:/program files (x86)/gnu tools arm embedded/5.4 2016q3/bin/../lib/gcc/arm-none-eabi/5.4.1/armv6-m/crtend.o
 .data          0x00000000        0x0 c:/program files (x86)/gnu tools arm embedded/5.4 2016q3/bin/../lib/gcc/arm-none-eabi/5.4.1/armv6-m/crtend.o
 .bss           0x00000000        0x0 c:/program files (x86)/gnu tools arm embedded/5.4 2016q3/bin/../lib/gcc/arm-none-eabi/5.4.1/armv6-m/crtend.o
 .eh_frame      0x00000000        0x4 c:/program files (x86)/gnu tools arm embedded/5.4 2016q3/bin/../lib/gcc/arm-none-eabi/5.4.1/armv6-m/crtend.o
 .jcr           0x00000000        0x4 c:/program files (x86)/gnu tools arm embedded/5.4 2016q3/bin/../lib/gcc/arm-none-eabi/5.4.1/armv6-m/crtend.o
 .ARM.attributes
                0x00000000       0x2c c:/program files (x86)/gnu tools arm embedded/5.4 2016q3/bin/../lib/gcc/arm-none-eabi/5.4.1/armv6-m/crtend.o
 .text          0x00000000        0x0 c:/program files (x86)/gnu tools arm embedded/5.4 2016q3/bin/../lib/gcc/arm-none-eabi/5.4.1/armv6-m/crtn.o
 .data          0x00000000        0x0 c:/program files (x86)/gnu tools arm embedded/5.4 2016q3/bin/../lib/gcc/arm-none-eabi/5.4.1/armv6-m/crtn.o
 .bss           0x00000000        0x0 c:/program files (x86)/gnu tools arm embedded/5.4 2016q3/bin/../lib/gcc/arm-none-eabi/5.4.1/armv6-m/crtn.o

Memory Configuration

Name             Origin             Length             Attributes
RAM              0x20000000         0x00004000         xrw
FLASH            0x08000000         0x00020000         xr
*default*        0x00000000         0xffffffff

Linker script and memory map

LOAD c:/program files (x86)/gnu tools arm embedded/5.4 2016q3/bin/../lib/gcc/arm-none-eabi/5.4.1/armv6-m/crti.o
LOAD c:/program files (x86)/gnu tools arm embedded/5.4 2016q3/bin/../lib/gcc/arm-none-eabi/5.4.1/armv6-m/crtbegin.o
LOAD c:/program files (x86)/gnu tools arm embedded/5.4 2016q3/bin/../lib/gcc/arm-none-eabi/5.4.1/../../../../arm-none-eabi/lib/armv6-m/crt0.o
LOAD CMSIS/DeviceSupport/system_stm32f0xx.o
LOAD STM32F0xx_StdPeriph_Driver/src/stm32f0xx_misc.o
LOAD STM32F0xx_StdPeriph_Driver/src/stm32f0xx_rcc.o
LOAD STM32F0xx_StdPeriph_Driver/src/stm32f0xx_gpio.o
LOAD USER/src/main.o
LOAD USER/src/led.o
LOAD CMSIS/DeviceSupport/startup/gcc_ride7/startup_stm32f072.o
START GROUP
LOAD c:/program files (x86)/gnu tools arm embedded/5.4 2016q3/bin/../lib/gcc/arm-none-eabi/5.4.1/../../../../arm-none-eabi/lib/armv6-m\libc.a
LOAD c:/program files (x86)/gnu tools arm embedded/5.4 2016q3/bin/../lib/gcc/arm-none-eabi/5.4.1/armv6-m\libgcc.a
END GROUP
LOAD c:/program files (x86)/gnu tools arm embedded/5.4 2016q3/bin/../lib/gcc/arm-none-eabi/5.4.1/../../../../arm-none-eabi/lib/armv6-m\libm.a
START GROUP
LOAD c:/program files (x86)/gnu tools arm embedded/5.4 2016q3/bin/../lib/gcc/arm-none-eabi/5.4.1/armv6-m\libgcc.a
LOAD c:/program files (x86)/gnu tools arm embedded/5.4 2016q3/bin/../lib/gcc/arm-none-eabi/5.4.1/../../../../arm-none-eabi/lib/armv6-m\libc.a
END GROUP
LOAD c:/program files (x86)/gnu tools arm embedded/5.4 2016q3/bin/../lib/gcc/arm-none-eabi/5.4.1/armv6-m/crtend.o
LOAD c:/program files (x86)/gnu tools arm embedded/5.4 2016q3/bin/../lib/gcc/arm-none-eabi/5.4.1/armv6-m/crtn.o
                0x20004000                _estack = 0x20004000
                0x00000200                _Min_Heap_Size = 0x200
                0x00000400                _Min_Stack_Size = 0x400

.isr_vector     0x08000000       0xc4
                0x08000000                . = ALIGN (0x4)
 *(.isr_vector)
 .isr_vector    0x08000000       0xc4 CMSIS/DeviceSupport/startup/gcc_ride7/startup_stm32f072.o
                0x08000000                g_pfnVectors
                0x080000c4                . = ALIGN (0x4)

.text           0x080000c4      0x474
                0x080000c4                . = ALIGN (0x4)
 *(.text)
 .text          0x080000c4       0x60 c:/program files (x86)/gnu tools arm embedded/5.4 2016q3/bin/../lib/gcc/arm-none-eabi/5.4.1/armv6-m/crtbegin.o
 *(.text*)
 .text.SetSysClock
                0x08000124      0x110 CMSIS/DeviceSupport/system_stm32f0xx.o
 .text.SystemInit
                0x08000234       0x90 CMSIS/DeviceSupport/system_stm32f0xx.o
                0x08000234                SystemInit
 .text.main     0x080002c4       0x14 USER/src/main.o
                0x080002c4                main
 .text.led_Init
                0x080002d8       0x58 USER/src/led.o
                0x080002d8                led_Init
 .text.led_Ctl  0x08000330       0x50 USER/src/led.o
                0x08000330                led_Ctl
 .text.Reset_Handler
                0x08000380       0x6c CMSIS/DeviceSupport/startup/gcc_ride7/startup_stm32f072.o
                0x08000380                Reset_Handler
 .text.Default_Handler
                0x080003ec        0x2 CMSIS/DeviceSupport/startup/gcc_ride7/startup_stm32f072.o
                0x080003ec                TIM1_CC_IRQHandler
                0x080003ec                TSC_IRQHandler
                0x080003ec                HardFault_Handler
                0x080003ec                ADC1_COMP_IRQHandler
                0x080003ec                SysTick_Handler
                0x080003ec                PendSV_Handler
                0x080003ec                NMI_Handler
                0x080003ec                I2C1_IRQHandler
                0x080003ec                RCC_CRS_IRQHandler
                0x080003ec                SPI1_IRQHandler
                0x080003ec                TIM6_DAC_IRQHandler
                0x080003ec                USART3_4_IRQHandler
                0x080003ec                EXTI2_3_IRQHandler
                0x080003ec                I2C2_IRQHandler
                0x080003ec                TIM17_IRQHandler
                0x080003ec                CEC_CAN_IRQHandler
                0x080003ec                RTC_IRQHandler
                0x080003ec                PVD_VDDIO2_IRQHandler
                0x080003ec                DMA1_Channel4_5_6_7_IRQHandler
                0x080003ec                TIM16_IRQHandler
                0x080003ec                TIM3_IRQHandler
                0x080003ec                EXTI4_15_IRQHandler
                0x080003ec                DMA1_Channel1_IRQHandler
                0x080003ec                Default_Handler
                0x080003ec                TIM14_IRQHandler
                0x080003ec                TIM7_IRQHandler
                0x080003ec                TIM15_IRQHandler
                0x080003ec                EXTI0_1_IRQHandler
                0x080003ec                USB_IRQHandler
                0x080003ec                SPI2_IRQHandler
                0x080003ec                SVC_Handler
                0x080003ec                WWDG_IRQHandler
                0x080003ec                TIM2_IRQHandler
                0x080003ec                DMA1_Channel2_3_IRQHandler
                0x080003ec                USART2_IRQHandler
                0x080003ec                FLASH_IRQHandler
                0x080003ec                USART1_IRQHandler
                0x080003ec                TIM1_BRK_UP_TRG_COM_IRQHandler
 *fill*         0x080003ee        0x2 
 .text.startup.register_fini
                0x080003f0       0x18 c:/program files (x86)/gnu tools arm embedded/5.4 2016q3/bin/../lib/gcc/arm-none-eabi/5.4.1/../../../../arm-none-eabi/lib/armv6-m\libc.a(lib_a-__call_atexit.o)
 .text.atexit   0x08000408       0x10 c:/program files (x86)/gnu tools arm embedded/5.4 2016q3/bin/../lib/gcc/arm-none-eabi/5.4.1/../../../../arm-none-eabi/lib/armv6-m\libc.a(lib_a-atexit.o)
                0x08000408                atexit
 .text.__libc_fini_array
                0x08000418       0x34 c:/program files (x86)/gnu tools arm embedded/5.4 2016q3/bin/../lib/gcc/arm-none-eabi/5.4.1/../../../../arm-none-eabi/lib/armv6-m\libc.a(lib_a-fini.o)
                0x08000418                __libc_fini_array
 .text.__register_exitproc
                0x0800044c       0xd4 c:/program files (x86)/gnu tools arm embedded/5.4 2016q3/bin/../lib/gcc/arm-none-eabi/5.4.1/../../../../arm-none-eabi/lib/armv6-m\libc.a(lib_a-__atexit.o)
                0x0800044c                __register_exitproc
 *(.glue_7)
 .glue_7        0x08000520        0x0 linker stubs
 *(.glue_7t)
 .glue_7t       0x08000520        0x0 linker stubs
 *(.eh_frame)
 .eh_frame      0x08000520        0x0 c:/program files (x86)/gnu tools arm embedded/5.4 2016q3/bin/../lib/gcc/arm-none-eabi/5.4.1/armv6-m/crtbegin.o
 *(.init)
 .init          0x08000520        0x4 c:/program files (x86)/gnu tools arm embedded/5.4 2016q3/bin/../lib/gcc/arm-none-eabi/5.4.1/armv6-m/crti.o
                0x08000520                _init
 .init          0x08000524        0x8 c:/program files (x86)/gnu tools arm embedded/5.4 2016q3/bin/../lib/gcc/arm-none-eabi/5.4.1/armv6-m/crtn.o
 *(.fini)
 .fini          0x0800052c        0x4 c:/program files (x86)/gnu tools arm embedded/5.4 2016q3/bin/../lib/gcc/arm-none-eabi/5.4.1/armv6-m/crti.o
                0x0800052c                _fini
 .fini          0x08000530        0x8 c:/program files (x86)/gnu tools arm embedded/5.4 2016q3/bin/../lib/gcc/arm-none-eabi/5.4.1/armv6-m/crtn.o
                0x08000538                . = ALIGN (0x4)
                0x08000538                _etext = .

.vfp11_veneer   0x08000538        0x0
 .vfp11_veneer  0x08000538        0x0 linker stubs

.v4_bx          0x08000538        0x0
 .v4_bx         0x08000538        0x0 linker stubs

.iplt           0x08000538        0x0
 .iplt          0x08000538        0x0 c:/program files (x86)/gnu tools arm embedded/5.4 2016q3/bin/../lib/gcc/arm-none-eabi/5.4.1/armv6-m/crtbegin.o

.rodata         0x08000538        0x4
                0x08000538                . = ALIGN (0x4)
 *(.rodata)
 *(.rodata*)
 .rodata._global_impure_ptr
                0x08000538        0x4 c:/program files (x86)/gnu tools arm embedded/5.4 2016q3/bin/../lib/gcc/arm-none-eabi/5.4.1/../../../../arm-none-eabi/lib/armv6-m\libc.a(lib_a-impure.o)
                0x08000538                _global_impure_ptr
                0x0800053c                . = ALIGN (0x4)

.rel.dyn        0x0800053c        0x0
 .rel.iplt      0x0800053c        0x0 c:/program files (x86)/gnu tools arm embedded/5.4 2016q3/bin/../lib/gcc/arm-none-eabi/5.4.1/armv6-m/crtbegin.o

.ARM.extab
 *(.ARM.extab* .gnu.linkonce.armextab.*)

.ARM            0x0800053c        0x0
                0x0800053c                __exidx_start = .
 *(.ARM.exidx*)
                0x0800053c                __exidx_end = .

.preinit_array  0x0800053c        0x0
                0x0800053c                PROVIDE (__preinit_array_start, .)
 *(.preinit_array*)
                0x0800053c                PROVIDE (__preinit_array_end, .)

.init_array     0x0800053c        0x8
                0x0800053c                PROVIDE (__init_array_start, .)
 *(SORT(.init_array.*))
 .init_array.00000
                0x0800053c        0x4 c:/program files (x86)/gnu tools arm embedded/5.4 2016q3/bin/../lib/gcc/arm-none-eabi/5.4.1/../../../../arm-none-eabi/lib/armv6-m\libc.a(lib_a-__call_atexit.o)
 *(.init_array*)
 .init_array    0x08000540        0x4 c:/program files (x86)/gnu tools arm embedded/5.4 2016q3/bin/../lib/gcc/arm-none-eabi/5.4.1/armv6-m/crtbegin.o
                0x08000544                PROVIDE (__init_array_end, .)

.fini_array     0x08000544        0x4
                0x08000544                PROVIDE (__fini_array_start, .)
 *(SORT(.fini_array.*))
 *(.fini_array*)
 .fini_array    0x08000544        0x4 c:/program files (x86)/gnu tools arm embedded/5.4 2016q3/bin/../lib/gcc/arm-none-eabi/5.4.1/armv6-m/crtbegin.o
                0x08000548                PROVIDE (__fini_array_end, .)
                0x08000548                _sidata = LOADADDR (.data)

.data           0x20000000      0x428 load address 0x08000548
                0x20000000                . = ALIGN (0x4)
                0x20000000                _sdata = .
 *(.data)
 *(.data*)
 .data.impure_data
                0x20000000      0x428 c:/program files (x86)/gnu tools arm embedded/5.4 2016q3/bin/../lib/gcc/arm-none-eabi/5.4.1/../../../../arm-none-eabi/lib/armv6-m\libc.a(lib_a-impure.o)
                0x20000428                . = ALIGN (0x4)
                0x20000428                _edata = .

.jcr            0x20000428        0x0 load address 0x08000970
 .jcr           0x20000428        0x0 c:/program files (x86)/gnu tools arm embedded/5.4 2016q3/bin/../lib/gcc/arm-none-eabi/5.4.1/armv6-m/crtbegin.o

.igot.plt       0x20000428        0x0 load address 0x08000970
 .igot.plt      0x20000428        0x0 c:/program files (x86)/gnu tools arm embedded/5.4 2016q3/bin/../lib/gcc/arm-none-eabi/5.4.1/armv6-m/crtbegin.o
                0x20000428                . = ALIGN (0x4)

.bss            0x20000428       0x1c load address 0x08000970
                0x20000428                _sbss = .
                0x20000428                __bss_start__ = _sbss
 *(.bss)
 .bss           0x20000428       0x1c c:/program files (x86)/gnu tools arm embedded/5.4 2016q3/bin/../lib/gcc/arm-none-eabi/5.4.1/armv6-m/crtbegin.o
 *(.bss*)
 *(COMMON)
                0x20000444                . = ALIGN (0x4)
                0x20000444                _ebss = .
                0x20000444                __bss_end__ = _ebss

._user_heap_stack
                0x20000444      0x604 load address 0x08000970
                0x20000448                . = ALIGN (0x8)
 *fill*         0x20000444        0x4 
                [!provide]                PROVIDE (end, .)
                [!provide]                PROVIDE (_end, .)
                0x20000648                . = (. + _Min_Heap_Size)
 *fill*         0x20000448      0x200 
                0x20000a48                . = (. + _Min_Stack_Size)
 *fill*         0x20000648      0x400 
                0x20000a48                . = ALIGN (0x8)

/DISCARD/
 libc.a(*)
 libm.a(*)
 libgcc.a(*)

.ARM.attributes
                0x00000000       0x2d
 *(.ARM.attributes)
 .ARM.attributes
                0x00000000       0x1e c:/program files (x86)/gnu tools arm embedded/5.4 2016q3/bin/../lib/gcc/arm-none-eabi/5.4.1/armv6-m/crti.o
 .ARM.attributes
                0x0000001e       0x2c c:/program files (x86)/gnu tools arm embedded/5.4 2016q3/bin/../lib/gcc/arm-none-eabi/5.4.1/armv6-m/crtbegin.o
 .ARM.attributes
                0x0000004a       0x30 CMSIS/DeviceSupport/system_stm32f0xx.o
 .ARM.attributes
                0x0000007a       0x30 USER/src/main.o
 .ARM.attributes
                0x000000aa       0x30 USER/src/led.o
 .ARM.attributes
                0x000000da       0x21 CMSIS/DeviceSupport/startup/gcc_ride7/startup_stm32f072.o
 .ARM.attributes
                0x000000fb       0x2c c:/program files (x86)/gnu tools arm embedded/5.4 2016q3/bin/../lib/gcc/arm-none-eabi/5.4.1/../../../../arm-none-eabi/lib/armv6-m\libc.a(lib_a-impure.o)
 .ARM.attributes
                0x00000127       0x2c c:/program files (x86)/gnu tools arm embedded/5.4 2016q3/bin/../lib/gcc/arm-none-eabi/5.4.1/../../../../arm-none-eabi/lib/armv6-m\libc.a(lib_a-__call_atexit.o)
 .ARM.attributes
                0x00000153       0x2c c:/program files (x86)/gnu tools arm embedded/5.4 2016q3/bin/../lib/gcc/arm-none-eabi/5.4.1/../../../../arm-none-eabi/lib/armv6-m\libc.a(lib_a-atexit.o)
 .ARM.attributes
                0x0000017f       0x2c c:/program files (x86)/gnu tools arm embedded/5.4 2016q3/bin/../lib/gcc/arm-none-eabi/5.4.1/../../../../arm-none-eabi/lib/armv6-m\libc.a(lib_a-fini.o)
 .ARM.attributes
                0x000001ab       0x2c c:/program files (x86)/gnu tools arm embedded/5.4 2016q3/bin/../lib/gcc/arm-none-eabi/5.4.1/../../../../arm-none-eabi/lib/armv6-m\libc.a(lib_a-__atexit.o)
 .ARM.attributes
                0x000001d7       0x1e c:/program files (x86)/gnu tools arm embedded/5.4 2016q3/bin/../lib/gcc/arm-none-eabi/5.4.1/armv6-m/crtn.o
OUTPUT(Template.elf elf32-littlearm)

.debug_info     0x00000000      0x72a
 .debug_info    0x00000000      0x313 CMSIS/DeviceSupport/system_stm32f0xx.o
 .debug_info    0x00000313       0xd3 USER/src/main.o
 .debug_info    0x000003e6      0x2bf USER/src/led.o
 .debug_info    0x000006a5       0x85 CMSIS/DeviceSupport/startup/gcc_ride7/startup_stm32f072.o

.debug_abbrev   0x00000000      0x2db
 .debug_abbrev  0x00000000      0x145 CMSIS/DeviceSupport/system_stm32f0xx.o
 .debug_abbrev  0x00000145       0x92 USER/src/main.o
 .debug_abbrev  0x000001d7       0xf2 USER/src/led.o
 .debug_abbrev  0x000002c9       0x12 CMSIS/DeviceSupport/startup/gcc_ride7/startup_stm32f072.o

.debug_loc      0x00000000      0x12d
 .debug_loc     0x00000000      0x10c CMSIS/DeviceSupport/system_stm32f0xx.o
 .debug_loc     0x0000010c       0x21 USER/src/led.o

.debug_aranges  0x00000000       0xa0
 .debug_aranges
                0x00000000       0x30 CMSIS/DeviceSupport/system_stm32f0xx.o
 .debug_aranges
                0x00000030       0x20 USER/src/main.o
 .debug_aranges
                0x00000050       0x28 USER/src/led.o
 .debug_aranges
                0x00000078       0x28 CMSIS/DeviceSupport/startup/gcc_ride7/startup_stm32f072.o

.debug_ranges   0x00000000       0x68
 .debug_ranges  0x00000000       0x20 CMSIS/DeviceSupport/system_stm32f0xx.o
 .debug_ranges  0x00000020       0x10 USER/src/main.o
 .debug_ranges  0x00000030       0x18 USER/src/led.o
 .debug_ranges  0x00000048       0x20 CMSIS/DeviceSupport/startup/gcc_ride7/startup_stm32f072.o

.debug_line     0x00000000      0x3f5
 .debug_line    0x00000000      0x19c CMSIS/DeviceSupport/system_stm32f0xx.o
 .debug_line    0x0000019c       0x55 USER/src/main.o
 .debug_line    0x000001f1      0x157 USER/src/led.o
 .debug_line    0x00000348       0xad CMSIS/DeviceSupport/startup/gcc_ride7/startup_stm32f072.o

.debug_str      0x00000000      0x2fa
 .debug_str     0x00000000      0x251 CMSIS/DeviceSupport/system_stm32f0xx.o
                                0x2a4 (size before relaxing)
 .debug_str     0x00000251       0x26 USER/src/main.o
                                0x163 (size before relaxing)
 .debug_str     0x00000277       0x83 USER/src/led.o
                                0x24c (size before relaxing)

.comment        0x00000000       0x6e
 .comment       0x00000000       0x6e CMSIS/DeviceSupport/system_stm32f0xx.o
                                 0x6f (size before relaxing)
 .comment       0x0000006e       0x6f USER/src/main.o
 .comment       0x0000006e       0x6f USER/src/led.o

.debug_frame    0x00000000      0x1a4
 .debug_frame   0x00000000       0x68 CMSIS/DeviceSupport/system_stm32f0xx.o
 .debug_frame   0x00000068       0x28 USER/src/main.o
 .debug_frame   0x00000090       0x30 USER/src/led.o
 .debug_frame   0x000000c0       0x54 c:/program files (x86)/gnu tools arm embedded/5.4 2016q3/bin/../lib/gcc/arm-none-eabi/5.4.1/../../../../arm-none-eabi/lib/armv6-m\libc.a(lib_a-__call_atexit.o)
 .debug_frame   0x00000114       0x28 c:/program files (x86)/gnu tools arm embedded/5.4 2016q3/bin/../lib/gcc/arm-none-eabi/5.4.1/../../../../arm-none-eabi/lib/armv6-m\libc.a(lib_a-atexit.o)
 .debug_frame   0x0000013c       0x2c c:/program files (x86)/gnu tools arm embedded/5.4 2016q3/bin/../lib/gcc/arm-none-eabi/5.4.1/../../../../arm-none-eabi/lib/armv6-m\libc.a(lib_a-fini.o)
 .debug_frame   0x00000168       0x3c c:/program files (x86)/gnu tools arm embedded/5.4 2016q3/bin/../lib/gcc/arm-none-eabi/5.4.1/../../../../arm-none-eabi/lib/armv6-m\libc.a(lib_a-__atexit.o)
